[18:46:08] [main/INFO]: Loading Minecraft 1.21.11 with Fabric Loader 0.19.3
[18:46:09] [main/INFO]: Loading 157 mods:
	- appleskin 3.0.8+mc1.21.11
	- architectury 19.0.1
	- c2me 0.4.0-alpha.0.23+1.21.11
	   |-- c2me-base 0.4.0-alpha.0.23+1.21.11
	   |-- c2me-client-uncapvd 0.4.0-alpha.0.23+1.21.11
	   |-- c2me-fixes-chunkio-threading-issues 0.4.0-alpha.0.23+1.21.11
	   |-- c2me-fixes-general-threading-issues 0.4.0-alpha.0.23+1.21.11
	   |-- c2me-fixes-worldgen-threading-issues 0.4.0-alpha.0.23+1.21.11
	   |-- c2me-fixes-worldgen-vanilla-bugs 0.4.0-alpha.0.23+1.21.11
	   |-- c2me-notickvd 0.4.0-alpha.0.23+1.21.11
	   |-- c2me-opts-allocs 0.4.0-alpha.0.23+1.21.11
	   |-- c2me-opts-chunkio 0.4.0-alpha.0.23+1.21.11
	   |-- c2me-opts-math 0.4.0-alpha.0.23+1.21.11
	   |-- c2me-opts-scheduling 0.4.0-alpha.0.23+1.21.11
	   |-- c2me-opts-worldgen-general 0.4.0-alpha.0.23+1.21.11
	   |-- c2me-opts-worldgen-vanilla 0.4.0-alpha.0.23+1.21.11
	   |-- c2me-rewrites-chunk-serializer 0.4.0-alpha.0.23+1.21.11
	   |-- c2me-rewrites-chunk-system 0.4.0-alpha.0.23+1.21.11
	   |-- c2me-rewrites-chunkio 0.4.0-alpha.0.23+1.21.11
	   |-- c2me-server-utils 0.4.0-alpha.0.23+1.21.11
	   |-- c2me-threading-lighting 0.4.0-alpha.0.23+1.21.11
	   |-- com_electronwill_night-config_core 3.6.5
	   |-- com_electronwill_night-config_toml 3.6.5
	   |-- com_github_ben-manes_caffeine_caffeine 3.2.1
	   |-- com_ibm_async_asyncutil 0.1.0
	   |-- io_reactivex_rxjava3_rxjava 3.1.12
	   |-- mixinsquared 0.3.7-beta.1
	   |-- net_objecthunter_exp4j 0.4.8
	   |-- org_jctools_jctools-core 4.0.5
	   \-- org_reactivestreams_reactive-streams 1.0.4
	- carpet 1.4.194+v251223
	- chat_heads 1.2.5
	- cloth-config 21.11.153
	   \-- cloth-basic-math 0.6.1
	- computerpc 1.1.1-1.21.11-fabric
	   \-- mcef 2.2.0
	- continuity 3.0.1-beta.1+1.21.11
	- customskinloader-bootstrap 15.0.1
	- entity_model_features 3.2.4
	- entity_texture_features 7.1
	- entityculling 1.10.5
	   |-- transition 1.0.21
	   \-- trender 1.0.15
	- fabric-api 0.141.5+1.21.11
	   |-- fabric-api-base 1.0.5+4ebb5c083e
	   |-- fabric-api-lookup-api-v1 1.6.114+20dc27073e
	   |-- fabric-biome-api-v1 17.1.1+4fc5413f3e
	   |-- fabric-block-api-v1 1.1.10+4ebb5c083e
	   |-- fabric-block-view-api-v2 1.0.39+4ebb5c083e
	   |-- fabric-command-api-v2 2.4.7+6b42a6003e
	   |-- fabric-content-registries-v0 10.2.14+4fc5413f3e
	   |-- fabric-convention-tags-v1 2.1.55+7f945d5b3e
	   |-- fabric-convention-tags-v2 2.17.3+8ef948ba3e
	   |-- fabric-crash-report-info-v1 0.3.23+4ebb5c083e
	   |-- fabric-data-attachment-api-v1 1.8.48+eed0806f3e
	   |-- fabric-data-generation-api-v1 23.5.0+88d7da613e
	   |-- fabric-dimensions-v1 4.0.28+4fc5413f3e
	   |-- fabric-entity-events-v1 3.1.1+1d0ab4303e
	   |-- fabric-events-interaction-v0 4.1.1+3b89ecf63e
	   |-- fabric-game-rule-api-v1 2.0.3+4fc5413f3e
	   |-- fabric-item-api-v1 11.5.20+d0c46b9e3e
	   |-- fabric-item-group-api-v1 4.2.36+4fc5413f3e
	   |-- fabric-key-binding-api-v1 1.1.7+4fc5413f3e
	   |-- fabric-lifecycle-events-v1 2.6.15+4ebb5c083e
	   |-- fabric-loot-api-v2 3.0.73+3f89f5a53e
	   |-- fabric-loot-api-v3 2.0.20+78c8b4663e
	   |-- fabric-message-api-v1 6.1.12+4ebb5c083e
	   |-- fabric-model-loading-api-v1 6.0.15+4fc5413f3e
	   |-- fabric-networking-api-v1 5.1.6+6b6d71a53e
	   |-- fabric-object-builder-api-v1 21.1.40+4fc5413f3e
	   |-- fabric-particles-v1 4.2.12+4fc5413f3e
	   |-- fabric-recipe-api-v1 8.2.4+4ebb5c083e
	   |-- fabric-registry-sync-v0 6.2.6+1718722b3e
	   |-- fabric-renderer-api-v1 8.0.3+f4ffd2e53e
	   |-- fabric-renderer-indigo 5.0.3+f4ffd2e53e
	   |-- fabric-rendering-fluids-v1 3.1.43+4ebb5c083e
	   |-- fabric-rendering-v1 16.2.10+0290ad933e
	   |-- fabric-resource-conditions-api-v1 5.0.35+4fc5413f3e
	   |-- fabric-resource-loader-v0 3.3.4+4fc5413f3e
	   |-- fabric-resource-loader-v1 1.0.10+78c8b4663e
	   |-- fabric-screen-api-v1 3.1.7+4ebb5c083e
	   |-- fabric-screen-handler-api-v1 1.3.162+4fc5413f3e
	   |-- fabric-serialization-api-v1 1.0.5+4ebb5c083e
	   |-- fabric-sound-api-v1 1.0.51+4fc5413f3e
	   |-- fabric-tag-api-v1 1.3.0+88d7da613e
	   |-- fabric-transfer-api-v1 6.0.25+4fc5413f3e
	   \-- fabric-transitive-access-wideners-v1 7.1.0+014c8cec3e
	- fabric-language-kotlin 1.13.13+kotlin.2.4.10
	   |-- org_jetbrains_kotlin_kotlin-reflect 2.4.10
	   |-- org_jetbrains_kotlin_kotlin-stdlib 2.4.10
	   |-- org_jetbrains_kotlin_kotlin-stdlib-jdk7 2.4.10
	   |-- org_jetbrains_kotlin_kotlin-stdlib-jdk8 2.4.10
	   |-- org_jetbrains_kotlinx_atomicfu-jvm 0.33.0
	   |-- org_jetbrains_kotlinx_kotlinx-coroutines-core-jvm 1.11.0
	   |-- org_jetbrains_kotlinx_kotlinx-coroutines-jdk8 1.11.0
	   |-- org_jetbrains_kotlinx_kotlinx-datetime-jvm 0.8.0
	   |-- org_jetbrains_kotlinx_kotlinx-io-bytestring-jvm 0.9.1
	   |-- org_jetbrains_kotlinx_kotlinx-io-core-jvm 0.9.1
	   |-- org_jetbrains_kotlinx_kotlinx-serialization-cbor-jvm 1.11.0
	   |-- org_jetbrains_kotlinx_kotlinx-serialization-core-jvm 1.11.0
	   \-- org_jetbrains_kotlinx_kotlinx-serialization-json-jvm 1.11.0
	- fabricloader 0.19.3
	   \-- mixinextras 0.5.4
	- ferritecore 8.2.0
	- firstperson 2.7.2
	   |-- transition 1.0.21
	   \-- trender 1.0.15
	- fzzy_config 0.7.6+1.21.11
	   |-- blue_endless_jankson 1.2.3
	   |-- fabric-permissions-api-v0 0.6.1
	   \-- net_peanuuutz_tomlkt_tomlkt-jvm 0.3.7
	- geckolib 5.4.5
	- gog-sky 1.0.5
	- immersive_paintings 0.7.8
	   |-- com_twelvemonkeys_common_common-image 3.13.0
	   |-- com_twelvemonkeys_common_common-lang 3.13.0
	   |-- com_twelvemonkeys_imageio_imageio-core 3.13.0
	   \-- com_twelvemonkeys_imageio_imageio-webp 3.13.0
	- iris 1.10.7+mc1.21.11
	   |-- io_github_douira_glsl-transformer 3.0.0-pre3
	   |-- org_anarres_jcpp 1.4.14
	   \-- org_antlr_antlr4-runtime 4.13.1
	- jade 21.1.6+fabric
	- java 21
	- litematica 0.26.12
	   \-- conditional-mixin 0.6.4
	- malilib 0.27.16
	   \-- conditional-mixin 0.6.4
	- mcwifipnp 1.9.8
	- minecraft 1.21.11
	- minihud 0.38.13
	   \-- conditional-mixin 0.6.4
	- modmenu 17.0.1-beta.1
	- mousetweaks 2.30
	- my-totem-doll 2.3.3+1.21.11
	- needsofnature 1.4.3
	- needsofnature_intiface_libraries 1.0.0
	- notenoughanimations 1.12.4
	   |-- transition 1.0.21
	   \-- trender 1.0.15
	- nuit 1.0.0-beta.2+mc1.21.11
	- placeholder-api 2.8.2+1.21.10
	- quickskin 2.6.2.5
	- roughlyenoughitems 21.11.816
	   \-- error_notifier 1.0.11
	- sodium 0.8.7+mc1.21.11
	- translatorpp 2.5.0
	- trinkets 3.11.1
	   |-- cardinal-components-base 7.3.0
	   \-- cardinal-components-entity 7.3.0
	- tweakermore 3.31.0
	   \-- conditional-mixin 0.6.4
	- tweakeroo 0.27.11
	   \-- conditional-mixin 0.6.4
	- uml 1.2.1
	- wildfire_gender 5.0.0-Beta.3+1.21.11
	- xaerominimap 26.4.2
	   \-- xaerolib 1.7.1
	- xaeroworldmap 1.44.2
	   \-- xaerolib 1.7.1
	- yet_another_config_lib_v3 3.8.2+1.21.11-fabric
	   |-- com_twelvemonkeys_common_common-io 3.12.0
	   |-- com_twelvemonkeys_imageio_imageio-metadata 3.12.0
	   |-- org_quiltmc_parsers_gson 0.2.1
	   \-- org_quiltmc_parsers_json 0.2.1
	- zume 1.2.2
[18:46:10] [main/INFO]: SpongePowered MIXIN Subsystem Version=0.8.7 Source=file:/storage/emulated/0/Android/data/com.tungsten.fcl/files/.minecraft/libraries/net/fabricmc/sponge-mixin/0.17.3+mixin.0.8.7/sponge-mixin-0.17.3+mixin.0.8.7.jar Service=Knot/Fabric Env=CLIENT
[18:46:10] [main/INFO]: Compatibility level set to JAVA_21
[18:46:10] [main/INFO]: Initializing com.ishland.c2me.base.mixin
[18:46:11] [main/INFO]: Your platform does not provide complete low-level API for accessing direct buffers reliably. Unless explicitly requested, heap buffer will always be preferred to avoid potential system instability.
[18:46:11] [main/INFO]: Global Executor Parallelism: 1 configured, 1 evaluated, 1 default evaluated
[18:46:11] [main/INFO]: Initializing com.ishland.c2me.client.uncapvd.mixin
[18:46:11] [main/INFO]: Initializing com.ishland.c2me.fixes.chunkio.threading_issues.mixin
[18:46:11] [main/INFO]: Initializing com.ishland.c2me.fixes.general.threading_issues.mixin
[18:46:11] [main/INFO]: Initializing com.ishland.c2me.fixes.worldgen.threading_issues.mixin
[18:46:11] [main/INFO]: Initializing com.ishland.c2me.fixes.worldgen.vanilla_bugs.mixin
[18:46:11] [main/INFO]: Initializing com.ishland.c2me.notickvd.mixin
[18:46:11] [main/INFO]: Initializing com.ishland.c2me.opts.allocs.mixin
[18:46:11] [main/INFO]: Initializing com.ishland.c2me.opts.chunkio.mixin
[18:46:11] [main/INFO]: Initializing com.ishland.c2me.opts.math.mixin
[18:46:11] [main/INFO]: Initializing com.ishland.c2me.opts.scheduling.mixin
[18:46:11] [main/INFO]: Initializing com.ishland.c2me.opts.worldgen.general.mixin
[18:46:11] [main/INFO]: Initializing com.ishland.c2me.opts.worldgen.vanilla.mixin
[18:46:11] [main/INFO]: Initializing com.ishland.c2me.rewrites.chunk_serializer.mixin
[18:46:11] [main/INFO]: Disabling config ioSystem.gcFreeChunkSerializer: Incompatible with architectury@19.0.1 (*) (defined in c2me)
[18:46:11] [main/INFO]: Disabling com.ishland.c2me.rewrites.chunk_serializer.mixin
[18:46:11] [main/INFO]: Initializing com.ishland.c2me.rewrites.chunksystem.mixin
[18:46:11] [main/INFO]: Initializing com.ishland.c2me.rewrites.chunkio.mixin
[18:46:11] [main/INFO]: Initializing com.ishland.c2me.server.utils.mixin
[18:46:11] [main/INFO]: Initializing com.ishland.c2me.threading.lighting.mixin
[18:46:11] [main/INFO]: Initializing CustomSkinLoader Bootstrap for Fabric
[18:46:11] [main/INFO]: Releasing CustomSkinLoader Common jar to /storage/emulated/0/Android/data/com.tungsten.fcl/files/.minecraft/versions/needsofnature/CustomSkinLoader/Core/CustomSkinLoader-Common.jar
[18:46:11] [main/INFO]: Added CustomSkinLoader Common jar to Fabric class path: /storage/emulated/0/Android/data/com.tungsten.fcl/files/.minecraft/versions/needsofnature/CustomSkinLoader/Core/CustomSkinLoader-Common.jar
[18:46:11] [main/INFO]: Loaded 4 CustomSkinLoader bootstrap transformer(s) for intermediary mappings
[18:46:11] [main/INFO]: Loading CustomSkinLoader bootstrap mappings for intermediary
[18:46:11] [main/INFO]: Loaded 39 CustomSkinLoader bootstrap class mapping(s) for intermediary
[18:46:11] [main/INFO]: Collected 11 CustomSkinLoader bootstrap target class(es) for intermediary mappings
[18:46:11] [main/INFO]: Initialized CustomSkinLoader Bootstrap for Fabric with 11 reflected Mixin target(s)
[18:46:12] [main/WARN]: Reference map 'geckolib.refmap.json' for geckolib.mixins.json could not be read. If this is a development environment you can ignore this message
[18:46:12] [main/WARN]: Reference map 'iris.refmap.json' for mixins.iris.json could not be read. If this is a development environment you can ignore this message
[18:46:12] [main/WARN]: Reference map 'iris-fabric.refmap.json' for mixins.iris.fabric.json could not be read. If this is a development environment you can ignore this message
[18:46:12] [main/WARN]: Reference map 'iris.refmap.json' for mixins.iris.fantastic.json could not be read. If this is a development environment you can ignore this message
[18:46:12] [main/WARN]: Reference map 'iris.refmap.json' for mixins.iris.vertexformat.json could not be read. If this is a development environment you can ignore this message
[18:46:12] [main/WARN]: Reference map 'iris.refmap.json' for mixins.iris.bettermipmaps.json could not be read. If this is a development environment you can ignore this message
[18:46:12] [main/WARN]: Reference map 'iris.refmap.json' for mixins.iris.compat.sodium.json could not be read. If this is a development environment you can ignore this message
[18:46:12] [main/WARN]: Reference map 'iris.refmap.json' for mixins.iris.fixes.maxfpscrash.json could not be read. If this is a development environment you can ignore this message
[18:46:12] [main/WARN]: Reference map 'mcwifipnp-refmap.json' for mcwifipnp.mixins.json could not be read. If this is a development environment you can ignore this message
[18:46:12] [main/WARN]: Reference map 'my-totem-doll.refmap.json' for my-totem-doll.mixins.json could not be read. If this is a development environment you can ignore this message
[18:46:12] [main/WARN]: Reference map 'my-totem-doll.refmap.json' for my-totem-doll-yacl.mixins.json could not be read. If this is a development environment you can ignore this message
[18:46:12] [main/WARN]: Reference map 'my-totem-doll.refmap.json' for my-totem-doll-modmenu.mixins.json could not be read. If this is a development environment you can ignore this message
[18:46:12] [main/WARN]: Reference map 'my-totem-doll.refmap.json' for my-totem-doll-sodium.mixins.json could not be read. If this is a development environment you can ignore this message
[18:46:12] [main/WARN]: Reference map 'my-totem-doll.refmap.json' for my-totem-doll-cit-resewn.mixins.json could not be read. If this is a development environment you can ignore this message
[18:46:12] [main/INFO]: Loaded configuration file for Sodium: 35 options available, 1 override(s) found
[18:46:12] [main/WARN]: Reference map 'xaerolib.refmap.json' for xaerolib.mixins.json could not be read. If this is a development environment you can ignore this message
[18:46:12] [main/WARN]: Reference map 'xaerominimap.refmap.json' for xaerohud.mixins.json could not be read. If this is a development environment you can ignore this message
[18:46:12] [main/WARN]: Reference map 'xaerominimap.refmap.json' for xaerohud.fabric.mixins.json could not be read. If this is a development environment you can ignore this message
[18:46:12] [main/WARN]: Reference map 'xaerominimap.refmap.json' for xaerominimap.mixins.json could not be read. If this is a development environment you can ignore this message
[18:46:12] [main/WARN]: Reference map 'xaeroworldmap.refmap.json' for xaeroworldmap.mixins.json could not be read. If this is a development environment you can ignore this message
[18:46:12] [main/WARN]: Reference map 'yet_another_config_lib_v3.refmap.json' for yacl.mixins.json could not be read. If this is a development environment you can ignore this message
[18:46:12] [main/WARN]: Reference map 'yet_another_config_lib_v3.refmap.json' for yacl-fabric.mixins.json could not be read. If this is a development environment you can ignore this message
[18:46:12] [main/WARN]: Error loading class: mezz/jei/fabric/platform/RenderHelper (java.lang.ClassNotFoundException: mezz/jei/fabric/platform/RenderHelper)
[18:46:12] [main/WARN]: @Mixin target mezz.jei.fabric.platform.RenderHelper was not found appleskin.jei.mixins.json:JEIRenderHelperMixin from mod appleskin
[18:46:12] [main/WARN]: Error loading class: net/vulkanmod/config/option/Options (java.lang.ClassNotFoundException: net/vulkanmod/config/option/Options)
[18:46:12] [main/WARN]: Error loading class: ca/spottedleaf/starlight/common/integration/v0/ChunkSystemHooks (java.lang.ClassNotFoundException: ca/spottedleaf/starlight/common/integration/v0/ChunkSystemHooks)
[18:46:12] [main/WARN]: @Mixin target ca/spottedleaf/starlight/common/integration/v0/ChunkSystemHooks was not found c2me-rewrites-chunk-system.mixins.json:scalablelux.MixinChunkSystemHooks from mod c2me-rewrites-chunk-system
[18:46:12] [main/WARN]: Error loading class: ca/spottedleaf/starlight/common/thread/SchedulingUtil (java.lang.ClassNotFoundException: ca/spottedleaf/starlight/common/thread/SchedulingUtil)
[18:46:13] [main/WARN]: Error loading class: net/raphimc/immediatelyfast/feature/core/BatchableBufferSource (java.lang.ClassNotFoundException: net/raphimc/immediatelyfast/feature/core/BatchableBufferSource)
[18:46:13] [main/WARN]: Error loading class: dev/tr7zw/skinlayers/render/CustomizableModelPart (java.lang.ClassNotFoundException: dev/tr7zw/skinlayers/render/CustomizableModelPart)
[18:46:13] [main/WARN]: Error loading class: net/irisshaders/batchedentityrendering/impl/FullyBufferedMultiBufferSource (java.lang.ClassNotFoundException: net/irisshaders/batchedentityrendering/impl/FullyBufferedMultiBufferSource)
[18:46:13] [main/WARN]: Error loading class: net/irisshaders/iris/layer/InnerWrappedRenderType (java.lang.ClassNotFoundException: net/irisshaders/iris/layer/InnerWrappedRenderType)
[18:46:14] [main/INFO]: [net.lopymine.mtd.mixin.sodium.CubeMixinMixin] Detected Sodium, current version older than hot: false
[18:46:14] [main/INFO]: [net.lopymine.mtd.mixin.sodium.ModelPartMixinMixin] Detected Sodium, current version older than hot: false
[18:46:14] [main/WARN]: Force-disabling mixin 'features.render.world.sky.LevelRendererMixin' as rule 'mixin.features.render.world.sky' (added by mods [iris]) disables it and children
[18:46:14] [main/WARN]: Error loading class: com/wynntils/services/chat/WrappingChatComponent (java.lang.ClassNotFoundException: com/wynntils/services/chat/WrappingChatComponent)
[18:46:14] [main/WARN]: Error loading class: net/coderbot/iris/uniforms/WorldTimeUniforms (java.lang.ClassNotFoundException: net/coderbot/iris/uniforms/WorldTimeUniforms)
[18:46:14] [main/WARN]: Disabled mixin 'fi.dy.masa.tweakeroo.mixin.block.MixinStructureBlockBlockEntity' due to: 'conflicted/unsupported mod carpet@1.4.194+v251223 found'
[18:46:14] [main/WARN]: Disabled mixin 'fi.dy.masa.tweakeroo.mixin.network.MixinServerboundSetStructureBlockPacket' due to: 'conflicted/unsupported mod carpet@1.4.194+v251223 found'
[18:46:14] [main/WARN]: Disabled mixin 'fi.dy.masa.tweakeroo.mixin.render.MixinGameRenderer_ViewBob' due to: 'conflicted/unsupported mod iris@1.10.7+mc1.21.11 found'
[18:46:15] [main/INFO]: Applied 11 reflected Fabric Mixin target(s)
[18:46:15] [main/INFO]: Searching for graphics cards...
[18:46:15] [main/WARN]: Could not find any graphics adapters! Probably the device is not on a bus we can probe, or there are no devices supporting 3D acceleration.
[18:46:15] [main/WARN]: Sodium has applied one or more workarounds to prevent crashes or other issues on your system: [NO_ERROR_CONTEXT_UNSUPPORTED]
[18:46:15] [main/WARN]: This is not necessarily an issue, but it may result in certain features or optimizations being disabled. You can sometimes fix these issues by upgrading your graphics driver.
[18:46:15] [main/INFO]: Initializing MixinExtras via com.llamalad7.mixinextras.service.MixinExtrasServiceImpl(version=0.5.4).
[18:46:18] [Datafixer Bootstrap/INFO]: Transformed net/minecraft/class_2960 with [customskinloader:interface-patch]
[18:46:18] [Datafixer Bootstrap/INFO]: Transformed Fabric target net.minecraft.class_2960 with [customskinloader:interface-patch]
[18:46:19] [main/WARN]: Did not find udev library in operating system. Some features may not work.
[18:46:19] [main/WARN]: File not found or not readable: /proc/stat
[18:46:21] [Datafixer Bootstrap/INFO]: 287 Datafixer optimizations took 2387 milliseconds
[18:46:25] [main/WARN]: Method overwrite conflict for getClimateSettings in architectury.mixins.json:BiomeAccessor from mod architectury, previously written by carpet.mixins.Biome_scarpetMixin. Skipping method.
[18:46:36] [main/INFO]: Sodium: [0.8.7+mc1.21.11], Iris: [1.10.7+mc1.21.11]
[18:46:36] [main/INFO]: Assigning MaLiLib Pipelines to Iris Programs:
[18:46:36] [main/WARN]: Found okay program match for malilib:pipeline/position_color/translucent/no_depth/no_cull: BASIC_COLOR
[18:46:36] [main/WARN]: Found okay program match for malilib:pipeline/position_color/translucent/no_depth: BASIC_COLOR
[18:46:36] [main/WARN]: Found okay program match for malilib:pipeline/position_color/translucent/lequal_depth/offset_1: BASIC_COLOR
[18:46:36] [main/WARN]: Found okay program match for malilib:pipeline/position_color/translucent/lequal_depth/offset_2: BASIC_COLOR
[18:46:36] [main/WARN]: Found okay program match for malilib:pipeline/position_color/translucent/lequal_depth/offset_3: BASIC_COLOR
[18:46:36] [main/WARN]: Found okay program match for malilib:pipeline/position_color/translucent/lequal_depth/no_cull: BASIC_COLOR
[18:46:36] [main/WARN]: Found okay program match for malilib:pipeline/position_color/translucent/lequal_depth: BASIC_COLOR
[18:46:36] [main/WARN]: Found okay program match for malilib:pipeline/position_color/translucent/greater_depth: BASIC_COLOR
[18:46:36] [main/WARN]: Found okay program match for malilib:pipeline/position_color/translucent/depth_mask: BASIC_COLOR
[18:46:36] [main/WARN]: Found okay program match for malilib:pipeline/position_color/translucent: BASIC_COLOR
[18:46:36] [main/WARN]: Found okay program match for malilib:pipeline/position_color/masa/no_depth/no_cull: BASIC_COLOR
[18:46:36] [main/WARN]: Found okay program match for malilib:pipeline/position_color/masa/no_depth: BASIC_COLOR
[18:46:36] [main/WARN]: Found okay program match for malilib:pipeline/position_color/masa/lequal_depth/offset_1: BASIC_COLOR
[18:46:36] [main/WARN]: Found okay program match for malilib:pipeline/position_color/masa/lequal_depth/offset_2: BASIC_COLOR
[18:46:36] [main/WARN]: Found okay program match for malilib:pipeline/position_color/masa/lequal_depth/offset_3: BASIC_COLOR
[18:46:36] [main/WARN]: Found okay program match for malilib:pipeline/position_color/masa/lequal_depth/no_cull: BASIC_COLOR
[18:46:36] [main/WARN]: Found okay program match for malilib:pipeline/position_color/masa/lequal_depth: BASIC_COLOR
[18:46:36] [main/WARN]: Found okay program match for malilib:pipeline/position_color/masa/greater_depth: BASIC_COLOR
[18:46:36] [main/WARN]: Found okay program match for malilib:pipeline/position_color/masa/depth_mask: BASIC_COLOR
[18:46:36] [main/WARN]: Found okay program match for malilib:pipeline/position_color/masa: BASIC_COLOR
[18:46:36] [main/WARN]: Found okay program match for malilib:pipeline/text_plate/no_depth: BASIC_COLOR
[18:46:36] [main/WARN]: Found okay program match for malilib:pipeline/text_plate: BASIC_COLOR
[18:46:36] [main/WARN]: Found okay program match for malilib:pipeline/minihud/shape/no_depth/offset: BASIC_COLOR
[18:46:36] [main/WARN]: Found okay program match for malilib:pipeline/minihud/shape/no_depth: BASIC_COLOR
[18:46:36] [main/WARN]: Found okay program match for malilib:pipeline/minihud/shape/offset/no_cull: BASIC_COLOR
[18:46:36] [main/WARN]: Found okay program match for malilib:pipeline/minihud/shape/offset: BASIC_COLOR
[18:46:36] [main/WARN]: Found okay program match for malilib:pipeline/minihud/shape/depth_mask: BASIC_COLOR
[18:46:36] [main/WARN]: Found okay program match for malilib:pipeline/minihud/shape/no_cull: BASIC_COLOR
[18:46:36] [main/WARN]: Found okay program match for malilib:pipeline/minihud/shape: BASIC_COLOR
[18:46:36] [main/WARN]: Found *decent* program match for malilib:pipeline/position_color_lines/translucent/no_depth/no_cull: LINES
[18:46:36] [main/WARN]: Found *decent* program match for malilib:pipeline/position_color_lines/translucent/no_depth: LINES
[18:46:36] [main/WARN]: Found *decent* program match for malilib:pipeline/position_color_lines/translucent/lequal_depth/offset_1: LINES
[18:46:36] [main/WARN]: Found *decent* program match for malilib:pipeline/position_color_lines/translucent/lequal_depth/offset_2: LINES
[18:46:36] [main/WARN]: Found *decent* program match for malilib:pipeline/position_color_lines/translucent/lequal_depth/offset_3: LINES
[18:46:36] [main/WARN]: Found *decent* program match for malilib:pipeline/position_color_lines/translucent/lequal_depth/no_cull: LINES
[18:46:36] [main/WARN]: Found *decent* program match for malilib:pipeline/position_color_lines/translucent/lequal_depth: LINES
[18:46:36] [main/WARN]: Found *decent* program match for malilib:pipeline/position_color_lines/translucent/greater_depth: LINES
[18:46:36] [main/WARN]: Found *decent* program match for malilib:pipeline/position_color_lines/translucent/depth_mask: LINES
[18:46:36] [main/WARN]: Found *decent* program match for malilib:pipeline/position_color_lines/translucent: LINES
[18:46:36] [main/WARN]: Found *decent* program match for malilib:pipeline/position_color_lines/masa/no_depth/no_cull: LINES
[18:46:36] [main/WARN]: Found *decent* program match for malilib:pipeline/position_color_lines/masa/no_depth: LINES
[18:46:36] [main/WARN]: Found *decent* program match for malilib:pipeline/position_color_lines/masa/lequal_depth/offset_1: LINES
[18:46:36] [main/WARN]: Found *decent* program match for malilib:pipeline/position_color_lines/masa/lequal_depth/offset_2: LINES
[18:46:36] [main/WARN]: Found *decent* program match for malilib:pipeline/position_color_lines/masa/lequal_depth/offset_3: LINES
[18:46:36] [main/WARN]: Found *decent* program match for malilib:pipeline/position_color_lines/masa/lequal_depth/no_cull: LINES
[18:46:36] [main/WARN]: Found *decent* program match for malilib:pipeline/position_color_lines/masa/lequal_depth: LINES
[18:46:36] [main/WARN]: Found *decent* program match for malilib:pipeline/position_color_lines/masa/greater_depth: LINES
[18:46:36] [main/WARN]: Found *decent* program match for malilib:pipeline/position_color_lines/masa/depth_mask: LINES
[18:46:36] [main/WARN]: Found *decent* program match for malilib:pipeline/position_color_lines/masa: LINES
[18:46:36] [main/WARN]: Found *decent* program match for malilib:pipeline/minihud/shape_lines/no_depth/offset: LINES
[18:46:36] [main/WARN]: Found *decent* program match for malilib:pipeline/minihud/shape_lines/no_depth: LINES
[18:46:36] [main/WARN]: Found *decent* program match for malilib:pipeline/minihud/shape_lines/offset/no_cull: LINES
[18:46:36] [main/WARN]: Found *decent* program match for malilib:pipeline/minihud/shape_lines/offset: LINES
[18:46:36] [main/WARN]: Found *decent* program match for malilib:pipeline/minihud/shape_lines/depth_mask: LINES
[18:46:36] [main/WARN]: Found *decent* program match for malilib:pipeline/minihud/shape_lines/no_cull: LINES
[18:46:36] [main/WARN]: Found *decent* program match for malilib:pipeline/minihud/shape_lines: LINES
[18:46:36] [main/WARN]: Found okay program match for malilib:pipeline/position_tex_color/translucent/no_depth/no_cull: TEXTURED_COLOR
[18:46:36] [main/WARN]: Found okay program match for malilib:pipeline/position_tex_color/translucent/no_depth: TEXTURED_COLOR
[18:46:36] [main/WARN]: Found okay program match for malilib:pipeline/position_tex_color/translucent/lequal_depth/offset_1: TEXTURED_COLOR
[18:46:36] [main/WARN]: Found okay program match for malilib:pipeline/position_tex_color/translucent/lequal_depth/offset_2: TEXTURED_COLOR
[18:46:36] [main/WARN]: Found okay program match for malilib:pipeline/position_tex_color/translucent/lequal_depth/offset_3: TEXTURED_COLOR
[18:46:36] [main/WARN]: Found okay program match for malilib:pipeline/position_tex_color/translucent/lequal_depth/no_cull: TEXTURED_COLOR
[18:46:36] [main/WARN]: Found okay program match for malilib:pipeline/position_tex_color/translucent/lequal_depth: TEXTURED_COLOR
[18:46:36] [main/WARN]: Found okay program match for malilib:pipeline/position_tex_color/translucent/greater_depth: TEXTURED_COLOR
[18:46:36] [main/WARN]: Found okay program match for malilib:pipeline/position_tex_color/translucent/depth_mask: TEXTURED_COLOR
[18:46:36] [main/WARN]: Found okay program match for malilib:pipeline/position_tex_color/translucent: TEXTURED_COLOR
[18:46:36] [main/WARN]: Found okay program match for malilib:pipeline/position_tex_color/masa/no_depth/no_cull: TEXTURED_COLOR
[18:46:36] [main/WARN]: Found okay program match for malilib:pipeline/position_tex_color/masa/no_depth: TEXTURED_COLOR
[18:46:36] [main/WARN]: Found okay program match for malilib:pipeline/position_tex_color/masa/lequal_depth/offset_1: TEXTURED_COLOR
[18:46:36] [main/WARN]: Found okay program match for malilib:pipeline/position_tex_color/masa/lequal_depth/offset_2: TEXTURED_COLOR
[18:46:36] [main/WARN]: Found okay program match for malilib:pipeline/position_tex_color/masa/lequal_depth/offset_3: TEXTURED_COLOR
[18:46:36] [main/WARN]: Found okay program match for malilib:pipeline/position_tex_color/masa/lequal_depth/no_cull: TEXTURED_COLOR
[18:46:36] [main/WARN]: Found okay program match for malilib:pipeline/position_tex_color/masa/lequal_depth: TEXTURED_COLOR
[18:46:36] [main/WARN]: Found okay program match for malilib:pipeline/position_tex_color/masa/greater_depth: TEXTURED_COLOR
[18:46:36] [main/WARN]: Found okay program match for malilib:pipeline/position_tex_color/masa/depth_mask: TEXTURED_COLOR
[18:46:36] [main/WARN]: Found okay program match for malilib:pipeline/position_tex_color/masa: TEXTURED_COLOR
[18:46:36] [main/WARN]: Found *decent* program match for malilib:pipeline/debug_lines/translucent/no_depth/no_cull: LINES
[18:46:36] [main/WARN]: Found *decent* program match for malilib:pipeline/debug_lines/translucent/no_depth: LINES
[18:46:36] [main/WARN]: Found *decent* program match for malilib:pipeline/debug_lines/translucent/no_cull: LINES
[18:46:36] [main/WARN]: Found *decent* program match for malilib:pipeline/debug_lines/translucent/lequal_depth: LINES
[18:46:36] [main/WARN]: Found *decent* program match for malilib:pipeline/debug_lines/translucent/offset_1: LINES
[18:46:36] [main/WARN]: Found *decent* program match for malilib:pipeline/debug_lines/translucent/offset_2: LINES
[18:46:36] [main/WARN]: Found *decent* program match for malilib:pipeline/debug_lines/translucent/offset_3: LINES
[18:46:36] [main/WARN]: Found *decent* program match for malilib:pipeline/debug_lines/translucent: LINES
[18:46:36] [main/WARN]: Found *decent* program match for malilib:pipeline/debug_lines/masa_simple/no_depth/no_cull: LINES
[18:46:36] [main/WARN]: Found *decent* program match for malilib:pipeline/debug_lines/masa_simple/no_depth: LINES
[18:46:36] [main/WARN]: Found *decent* program match for malilib:pipeline/debug_lines/masa_simple/no_cull: LINES
[18:46:36] [main/WARN]: Found *decent* program match for malilib:pipeline/debug_lines/masa_simple/lequal_depth: LINES
[18:46:36] [main/WARN]: Found *decent* program match for malilib:pipeline/debug_lines/masa_simple/offset_1: LINES
[18:46:36] [main/WARN]: Found *decent* program match for malilib:pipeline/debug_lines/masa_simple/offset_2: LINES
[18:46:36] [main/WARN]: Found *decent* program match for malilib:pipeline/debug_lines/masa_simple/offset_3: LINES
[18:46:36] [main/WARN]: Found *decent* program match for malilib:pipeline/debug_lines/masa_simple: LINES
[18:46:36] [main/WARN]: Found *decent* program match for malilib:pipeline/debug_line_strip/translucent/no_depth/no_cull: LINES
[18:46:36] [main/WARN]: Found *decent* program match for malilib:pipeline/debug_line_strip/translucent/no_depth: LINES
[18:46:36] [main/WARN]: Found *decent* program match for malilib:pipeline/debug_line_strip/translucent/no_cull: LINES
[18:46:36] [main/WARN]: Found *decent* program match for malilib:pipeline/debug_line_strip/translucent/offset_1: LINES
[18:46:36] [main/WARN]: Found *decent* program match for malilib:pipeline/debug_line_strip/translucent/offset_2: LINES
[18:46:36] [main/WARN]: Found *decent* program match for malilib:pipeline/debug_line_strip/translucent/offset_3: LINES
[18:46:36] [main/WARN]: Found *decent* program match for malilib:pipeline/debug_line_strip/translucent: LINES
[18:46:36] [main/WARN]: Found *decent* program match for malilib:pipeline/debug_line_strip/masa_simple/no_depth/no_cull: LINES
[18:46:36] [main/WARN]: Found *decent* program match for malilib:pipeline/debug_line_strip/masa_simple/no_depth: LINES
[18:46:36] [main/WARN]: Found *decent* program match for malilib:pipeline/debug_line_strip/masa_simple/no_cull: LINES
[18:46:36] [main/WARN]: Found *decent* program match for malilib:pipeline/debug_line_strip/masa_simple/offset_1: LINES
[18:46:36] [main/WARN]: Found *decent* program match for malilib:pipeline/debug_line_strip/masa_simple/offset_2: LINES
[18:46:36] [main/WARN]: Found *decent* program match for malilib:pipeline/debug_line_strip/masa_simple/offset_3: LINES
[18:46:36] [main/WARN]: Found *decent* program match for malilib:pipeline/debug_line_strip/masa_simple: LINES
[18:46:36] [main/WARN]: Found okay program match for malilib:pipeline/gui_overlay: BASIC_COLOR
[18:46:36] [main/WARN]: Found okay program match for malilib:pipeline/gui_textured_overlay: TEXTURED_COLOR
[18:46:36] [main/WARN]: Found *decent* program match for malilib:pipeline/solid_terrain/masa: TERRAIN_SOLID
[18:46:36] [main/WARN]: Found *decent* program match for malilib:pipeline/wireframe/masa: LINES
[18:46:36] [main/WARN]: Found fine program match for malilib:pipeline/cutout_terrain/masa: TERRAIN_CUTOUT
[18:46:36] [main/WARN]: Found *decent* program match for malilib:pipeline/translucent/masa: TERRAIN_TRANSLUCENT
[18:46:36] [main/WARN]: Found *decent* program match for malilib:pipeline/tripwire_terran/masa: TERRAIN_TRANSLUCENT
[18:46:36] [main/WARN]: Found *decent* program match for malilib:pipeline/solid_terrain/masa/offset: TERRAIN_SOLID
[18:46:36] [main/WARN]: Found *decent* program match for malilib:pipeline/wireframe/masa/offset: LINES
[18:46:36] [main/WARN]: Found fine program match for malilib:pipeline/cutout_terrain/masa/offset: TERRAIN_CUTOUT
[18:46:36] [main/WARN]: Found *decent* program match for malilib:pipeline/translucent/masa/offset: TERRAIN_TRANSLUCENT
[18:46:36] [main/WARN]: Found *decent* program match for malilib:pipeline/tripwire_terrain/masa/offset: TERRAIN_TRANSLUCENT
[18:46:36] [main/WARN]: Found *decent* program match for malilib:pipeline/solid_block/masa: MOVING_BLOCK
[18:46:36] [main/WARN]: Found fine program match for malilib:pipeline/cutout_block/masa: TERRAIN_CUTOUT
[18:46:36] [main/WARN]: Found fine program match for malilib:pipeline/tripwire_block/masa: TEXT_BE
[18:46:36] [main/WARN]: Found *decent* program match for malilib:pipeline/solid_block/masa/offset: MOVING_BLOCK
[18:46:36] [main/WARN]: Found fine program match for malilib:pipeline/cutout_block/masa/offset: TERRAIN_CUTOUT
[18:46:36] [main/WARN]: Found fine program match for malilib:pipeline/tripwire_block/masa/offset: TEXT_BE
[18:46:36] [main/WARN]: Found *decent* program match for malilib:pipeline/legacy/solid/masa: TERRAIN_SOLID
[18:46:36] [main/WARN]: Found *decent* program match for malilib:pipeline/legacy/wireframe/masa: LINES
[18:46:36] [main/WARN]: Found fine program match for malilib:pipeline/legacy/cutout/masa: TERRAIN_CUTOUT
[18:46:36] [main/WARN]: Found *decent* program match for malilib:pipeline/legacy/translucent/masa: TERRAIN_TRANSLUCENT
[18:46:36] [main/WARN]: Found *decent* program match for malilib:pipeline/legacy/tripwire/masa: TERRAIN_TRANSLUCENT
[18:46:36] [main/WARN]: Found *decent* program match for malilib:pipeline/legacy/solid/masa/offset: TERRAIN_SOLID
[18:46:36] [main/WARN]: Found *decent* program match for malilib:pipeline/legacy/wireframe/masa/offset: LINES
[18:46:36] [main/WARN]: Found fine program match for malilib:pipeline/legacy/cutout/masa/offset: TERRAIN_CUTOUT
[18:46:36] [main/WARN]: Found *decent* program match for malilib:pipeline/legacy/translucent/masa/offset: TERRAIN_TRANSLUCENT
[18:46:36] [main/WARN]: Found *decent* program match for malilib:pipeline/legacy/tripwire/masa/offset: TERRAIN_TRANSLUCENT
[18:46:36] [main/INFO]: [NoN] Registered 7 startup data-driven accessory items.
[18:46:37] [Render thread/INFO]: Transformed net/minecraft/class_3300 with [customskinloader:interface-patch]
[18:46:37] [Render thread/INFO]: Transformed Fabric target net.minecraft.class_3300 with [customskinloader:interface-patch]
[18:46:37] [MCEF-Downloader/INFO]: java-cef commit: eaeb3d4370aa3526ee237ad1981ad59af3de4dd1
[18:46:37] [MCEF-Downloader/INFO]: https://github.com/Keksuccino/mcef_resources/releases/download/java-cef-eaeb3d4370aa3526ee237ad1981ad59af3de4dd1/linux_arm64.tar.gz.sha256 -> /storage/emulated/0/Android/data/com.tungsten.fcl/files/.minecraft/versions/needsofnature/mods/mcef-libraries/linux_arm64.tar.gz.sha256.temp
[18:46:37] [Render thread/INFO]: Environment: Environment[sessionHost=https://sessionserver.mojang.com, servicesHost=https://api.minecraftservices.com, profilesHost=https://api.mojang.com, name=PROD]
[18:46:37] [Render thread/INFO]: Setting user: Bedrock_Chan
[18:46:41] [Render thread/INFO]: Loaded config immersive_paintings:common_config in 919ms
[18:46:41] [Render thread/INFO]: Loaded config immersive_paintings:client_config in 64ms
[18:46:41] [Render thread/INFO]: My Totem Doll Initialized
[18:46:41] [Render thread/INFO]: [NoN] Animation engine initialized
[18:46:41] [Render thread/INFO]: Registering C2S receiver with id quickskin:upload_texture
[18:46:41] [Render thread/INFO]: Registering C2S receiver with id quickskin:update_appearance
[18:46:41] [Render thread/INFO]: Registering C2S receiver with id quickskin:request_texture
[18:46:41] [Render thread/INFO]: Registering C2S receiver with id quickskin:texture_chunk
[18:46:41] [Render thread/INFO]: Registering C2S receiver with id quickskin:upload_animation_metadata
[18:46:41] [Render thread/INFO]: Registering C2S receiver with id quickskin:update_server_config
[18:46:42] [Render thread/INFO]: [STDOUT]: [MioLibPatcher/INFO]: Patch target class: org/lwjgl/system/Library
[18:46:42] [Render thread/INFO]: [REI] Config loaded
[18:46:42] [Render thread/INFO]: Registering S2C receiver with id roughlyenoughitems:request_tags_s2c
[18:46:42] [Render thread/INFO]: Registering C2S receiver with id roughlyenoughitems:request_tags_c2s
[18:46:42] [Render thread/INFO]: [REI] Registered plugin provider DefaultPlugin [roughlyenoughitems] for REICommonPlugin
[18:46:42] [Render thread/INFO]: [REI] Registered plugin provider DefaultRuntimePlugin [roughlyenoughitems] for REICommonPlugin
[18:46:42] [Render thread/INFO]: [REI] Registered plugin provider FabricFluidAPISupportPlugin for REICommonPlugin
[18:46:42] [Render thread/INFO]: Registering C2S receiver with id roughlyenoughitems:delete_item
[18:46:42] [Render thread/INFO]: Registering C2S receiver with id roughlyenoughitems:create_item
[18:46:42] [Render thread/INFO]: Registering C2S receiver with id roughlyenoughitems:create_item_grab
[18:46:42] [Render thread/INFO]: Registering C2S receiver with id roughlyenoughitems:create_item_hotbar
[18:46:42] [Render thread/INFO]: Registering C2S receiver with id roughlyenoughitems:move_items_new
[18:46:43] [Render thread/INFO]: Registering S2C receiver with id architectury:spawn_entity_packet
[18:46:43] [Render thread/INFO]: [ETF]: Modifying ETF Render State constructor because: for EMF
[18:46:43] [Render thread/INFO]: Loading Entity Model Features, special thanks to Cody, top donator!
[18:46:43] [Render thread/INFO]: [ETF]: 6 new ETF Random Properties registered by entity_model_features
[18:46:43] [Render thread/INFO]: Loading Entity Texture Features, also known as ETF!
[18:46:44] [Render thread/INFO]: [Indigo] Different rendering plugin detected; not applying Indigo.
[18:46:44] [Render thread/INFO]: Loading FirstPerson Mod
[18:46:44] [Render thread/INFO]: Loaded config fzzy_config:keybinds in 121ms
[18:46:44] [Render thread/INFO]: Checking mod updates...
[18:46:44] [Render thread/INFO]: [STDOUT]: [Mouse Tweaks] Main.initialize()
[18:46:44] [Render thread/INFO]: [STDOUT]: [Mouse Tweaks] Initialized.
[18:46:44] [Render thread/INFO]: My Totem Doll Client Initialized
[18:46:46] [Render thread/INFO]: Registering S2C receiver with id quickskin:sync_appearance
[18:46:46] [Render thread/INFO]: Registering S2C receiver with id quickskin:send_texture
[18:46:46] [Render thread/INFO]: Registering S2C receiver with id quickskin:send_texture_chunk
[18:46:46] [Render thread/INFO]: Registering S2C receiver with id quickskin:send_animation_metadata
[18:46:46] [Render thread/INFO]: Registering S2C receiver with id quickskin:sync_server_config
[18:46:46] [Render thread/INFO]: Registering S2C receiver with id quickskin:cooldown_update
[18:46:46] [Render thread/INFO]: [REI] Registered plugin provider REITooltipPlugin [appleskin] for REIClientPlugin
[18:46:46] [Render thread/INFO]: [REI] Registered plugin provider DefaultClientPlugin [roughlyenoughitems] for REIClientPlugin
[18:46:46] [Render thread/INFO]: [REI] Registered plugin provider DefaultClientRuntimePlugin [roughlyenoughitems] for REIClientPlugin
[18:46:46] [Render thread/INFO]: [REI] Registered plugin provider HideIngredientsFromTagsPlugin [roughlyenoughitems] for REIClientPlugin
[18:46:46] [Render thread/INFO]: [REI] Registered plugin provider TrinketsREIPlugin [trinkets] for REIClientPlugin
[18:46:46] [Render thread/INFO]: Registering S2C receiver with id roughlyenoughitems:ci_msg
[18:46:46] [Render thread/INFO]: Registering S2C receiver with id roughlyenoughitems:og_not_enough
[18:46:46] [Render thread/INFO]: Registering S2C receiver with id roughlyenoughitems:sync_displays
[18:46:46] [Download-2/INFO]: Update available for 'fabric-api@0.141.5+1.21.11', (-> 0.141.6+1.21.11)
[18:46:46] [Download-2/INFO]: Update available for 'uml@1.2.1', (-> 2.0.3)
[18:46:46] [Download-2/INFO]: Update available for 'sodium@0.8.7+mc1.21.11', (-> mc1.21.11-0.8.13-fabric)
[18:46:46] [Render thread/ERROR]: Exception while getting online model list: java.net.ConnectException: Connection refused
java.net.ConnectException: Connection refused
	at java.base/sun.nio.ch.Net.pollConnect(Native Method)
	at java.base/sun.nio.ch.Net.pollConnectNow(Unknown Source)
	at java.base/sun.nio.ch.NioSocketImpl.timedFinishConnect(Unknown Source)
	at java.base/sun.nio.ch.NioSocketImpl.connect(Unknown Source)
	at java.base/java.net.Socket.connect(Unknown Source)
	at java.base/sun.net.NetworkClient.doConnect(Unknown Source)
	at java.base/sun.net.www.http.HttpClient.openServer(Unknown Source)
	at java.base/sun.net.www.http.HttpClient.openServer(Unknown Source)
	at java.base/sun.net.www.http.HttpClient.<init>(Unknown Source)
	at java.base/sun.net.www.http.HttpClient.New(Unknown Source)
	at java.base/sun.net.www.http.HttpClient.New(Unknown Source)
	at java.base/sun.net.www.protocol.http.HttpURLConnection.getNewHttpClient(Unknown Source)
	at java.base/sun.net.www.protocol.http.HttpURLConnection.plainConnect0(Unknown Source)
	at java.base/sun.net.www.protocol.http.HttpURLConnection.plainConnect(Unknown Source)
	at java.base/sun.net.www.protocol.http.HttpURLConnection.connect(Unknown Source)
	at java.base/sun.net.www.protocol.http.HttpURLConnection.getInputStream0(Unknown Source)
	at java.base/sun.net.www.protocol.http.HttpURLConnection.getInputStream(Unknown Source)
	at java.base/java.net.HttpURLConnection.getResponseCode(Unknown Source)
	at knot//net.psunset.translatorpp.core.OllamaClientProvider.getModels(OllamaClientProvider.java:208)
	at knot//net.psunset.translatorpp.core.OllamaClientProvider.refreshCacheModels(OllamaClientProvider.java:288)
	at knot//net.psunset.translatorpp.compat.clothconfig.TPPConfigImplCloth.init(TPPConfigImplCloth.java:126)
	at knot//net.psunset.translatorpp.config.TPPConfig.init(TPPConfig.java:56)
	at knot//net.psunset.translatorpp.TranslatorPP.init(TranslatorPP.java:21)
	at knot//net.psunset.translatorpp.fabric.TranslatorPPImpl.onInitializeClient(TranslatorPPImpl.java:17)
	at net.fabricmc.loader.impl.FabricLoaderImpl.invokeEntrypoints(FabricLoaderImpl.java:409)
	at net.fabricmc.loader.impl.game.minecraft.Hooks.startClient(Hooks.java:53)
	at knot//net.minecraft.class_310.<init>(class_310.java:475)
	at knot//net.minecraft.client.main.Main.main(Main.java:234)
	at net.fabricmc.loader.impl.game.minecraft.MinecraftGameProvider.launch(MinecraftGameProvider.java:514)
	at net.fabricmc.loader.impl.launch.knot.Knot.launch(Knot.java:72)
	at net.fabricmc.loader.impl.launch.knot.KnotClient.main(KnotClient.java:23)
	at java.base/jdk.internal.reflect.DirectMethodHandleAccessor.invoke(Unknown Source)
	at java.base/java.lang.reflect.Method.invoke(Unknown Source)
	at mio.Wrapper.main(Wrapper.java:21)
[18:46:46] [Render thread/INFO]: [STDOUT]: [TRender] Initializing Client...
[18:46:47] [Render thread/INFO]: Registering common data for channel xaerolib:main!
[18:46:47] [Render thread/INFO]: Registering client data for channel xaerolib:main!
[18:46:47] [Render thread/INFO]: Loading primary common config for channel xaerolib:main!
[18:46:47] [Render thread/INFO]: Loading server config profiles for channel xaerolib:main!
[18:46:47] [Render thread/INFO]: Loading primary client config for channel xaerolib:main!
[18:46:47] [Render thread/INFO]: Loading client config profiles for channel xaerolib:main!
[18:46:47] [Render thread/INFO]: Loading XaeroLib common 1/2!
[18:46:47] [Render thread/INFO]: Loading XaeroLib client 1/2!
[18:46:48] [Render thread/WARN]: io exception while checking patreon: Read timed out
[18:46:48] [Render thread/INFO]: Xaero's Minimap: World Map found!
[18:46:48] [Render thread/INFO]: No Optifine!
[18:46:48] [Render thread/INFO]: Xaero's Minimap: No Vivecraft!
[18:46:48] [Render thread/INFO]: Xaero's Minimap: Iris found!
[18:46:48] [Render thread/INFO]: Registering common data for channel xaerominimap:main!
[18:46:48] [Render thread/INFO]: Registering client data for channel xaerominimap:main!
[18:46:48] [Render thread/INFO]: Loading primary common config for channel xaerominimap:main!
[18:46:48] [Render thread/INFO]: Loading server config profiles for channel xaerominimap:main!
[18:46:48] [Render thread/INFO]: Loading primary client config for channel xaerominimap:main!
[18:46:48] [Render thread/INFO]: Loading client config profiles for channel xaerominimap:main!
[18:46:48] [Render thread/INFO]: Loading Xaero's Minimap - Stage 1/2
[18:46:48] [Render thread/INFO]: Registering common data for channel xaeroworldmap:main!
[18:46:48] [Render thread/INFO]: Registering client data for channel xaeroworldmap:main!
[18:46:48] [Render thread/INFO]: Loading primary common config for channel xaeroworldmap:main!
[18:46:48] [Render thread/INFO]: Loading server config profiles for channel xaeroworldmap:main!
[18:46:48] [Render thread/INFO]: Loading primary client config for channel xaeroworldmap:main!
[18:46:48] [Render thread/INFO]: Loading client config profiles for channel xaeroworldmap:main!
[18:46:48] [Render thread/INFO]: Loading Xaero's World Map - Stage 1/2
[18:46:48] [Render thread/INFO]: Deserializing YACLConfig from '/storage/emulated/0/Android/data/com.tungsten.fcl/files/.minecraft/versions/needsofnature/config/yacl.json5'
[18:46:48] [Render thread/INFO]: Loading Modern Zume...
[18:46:49] [Render thread/INFO]: i18nLang#load: File: '/assets/malilib/lang/en_us.json' has been loaded successfully
[18:46:49] [Render thread/WARN]: i18nOptionManager#buildLanguageOptions(malilib): Detected [12] available options.
[18:46:49] [Render thread/INFO]: i18nLang#load: File: '/assets/tweakeroo/lang/en_us.json' has been loaded successfully
[18:46:49] [Render thread/WARN]: i18nOptionManager#buildLanguageOptions(tweakeroo): Detected [7] available options.
[18:46:50] [Render thread/INFO]: Backend library: LWJGL version 3.3.6-snapshot
[18:46:50] [ForkJoinPool.commonPool-worker-1/WARN]: [Iris Update Check] This version doesn't have an update index, skipping.
[18:46:50] [Render thread/INFO]: Transformed net/minecraft/class_1011 with [customskinloader:interface-patch]
[18:46:50] [Render thread/INFO]: Transformed Fabric target net.minecraft.class_1011 with [customskinloader:interface-patch]
[18:46:52] [Render thread/INFO]: Debug functionality is disabled.
[18:46:52] [Render thread/INFO]: DSA support not detected.
[18:46:52] [Render thread/INFO]: Shaders are disabled because no valid shaderpack is selected
[18:46:52] [Render thread/INFO]: OpenGL Vendor: ptitSeb & BZLZHH
[18:46:52] [Render thread/INFO]: OpenGL Renderer: Adreno (TM) 650 | OpenGL ES 3.2
[18:46:52] [Render thread/INFO]: OpenGL Version: 3.1 §aKrypton Wrapper §bRelease 0.4.5§r
[18:46:52] [Render thread/INFO]: [STDOUT]: [MioLibPatcher/INFO]: Patch target class: net/caffeinemc/mods/sodium/client/compatibility/checks/PostLaunchChecks
[18:46:52] [Render thread/INFO]: Using optional rendering extensions: GL_EXT_texture_filter_anisotropic
[18:46:53] [Render thread/INFO]: Transformed net/minecraft/class_10538 with [customskinloader:skin-texture-patch]
[18:46:53] [Render thread/INFO]: Transformed Fabric target net.minecraft.class_10538 with [customskinloader:skin-texture-patch]
[18:46:53] [Render thread/INFO]: Transformed net/minecraft/class_1071 with [customskinloader:skin-manager-patch]
[18:46:53] [Render thread/INFO]: Transformed Fabric target net.minecraft.class_1071 with [customskinloader:skin-manager-patch]
[18:46:53] [Render thread/INFO]: Transformed net/minecraft/class_1071$1 with [customskinloader:skin-manager-patch]
[18:46:53] [Render thread/INFO]: Transformed Fabric target net.minecraft.class_1071$1 with [customskinloader:skin-manager-patch]
[18:46:53] [Render thread/INFO]: Transformed net/minecraft/class_1071$class_8687 with [customskinloader:skin-manager-patch]
[18:46:53] [Render thread/INFO]: Transformed Fabric target net.minecraft.class_1071$class_8687 with [customskinloader:skin-manager-patch]
[18:46:54] [Render thread/INFO]: Hardware information:
[18:46:54] [Render thread/INFO]: CPU: 8x SM8250
[18:46:54] [Render thread/INFO]: GPU: Adreno (TM) 650 | OpenGL ES 3.2 (Supports OpenGL 3.1 §aKrypton Wrapper §bRelease 0.4.5§r)
[18:46:54] [Render thread/INFO]: OS: Linux (Android-13)
[18:46:54] [Render thread/INFO]: Transformed net/minecraft/class_355 with [customskinloader:render-patch]
[18:46:54] [Render thread/INFO]: Transformed Fabric target net.minecraft.class_355 with [customskinloader:render-patch]
[18:46:54] [Render thread/INFO]: Transformed net/minecraft/class_3298 with [customskinloader:interface-patch]
[18:46:54] [Render thread/INFO]: Transformed Fabric target net.minecraft.class_3298 with [customskinloader:interface-patch]
[18:46:55] [Render thread/INFO]: [STDOUT]: [MioLibPatcher/INFO]: Patch target class: com/mojang/text2speech/Narrator
[18:46:55] [Render thread/ERROR]: MCEF failed to initialize!
[18:46:55] [Render thread/INFO]: Reloading ResourceManager: vanilla, appleskin, c2me, cardinal-components-base, cardinal-components-entity, carpet, chat_heads, cloth-config, computerpc, conditional-mixin, continuity, entity_model_features, entity_texture_features, entityculling, fabric-api, fabric-api-base, fabric-api-lookup-api-v1, fabric-biome-api-v1, fabric-block-api-v1, fabric-block-view-api-v2, fabric-command-api-v2, fabric-content-registries-v0, fabric-convention-tags-v1, fabric-convention-tags-v2, fabric-crash-report-info-v1, fabric-data-attachment-api-v1, fabric-data-generation-api-v1, fabric-dimensions-v1, fabric-entity-events-v1, fabric-events-interaction-v0, fabric-game-rule-api-v1, fabric-item-api-v1, fabric-item-group-api-v1, fabric-key-binding-api-v1, fabric-language-kotlin, fabric-lifecycle-events-v1, fabric-loot-api-v2, fabric-loot-api-v3, fabric-message-api-v1, fabric-model-loading-api-v1, fabric-networking-api-v1, fabric-object-builder-api-v1, fabric-particles-v1, fabric-recipe-api-v1, fabric-registry-sync-v0, fabric-renderer-api-v1, fabric-renderer-indigo, fabric-rendering-fluids-v1, fabric-rendering-v1, fabric-resource-conditions-api-v1, fabric-resource-loader-v0, fabric-resource-loader-v1, fabric-screen-api-v1, fabric-screen-handler-api-v1, fabric-serialization-api-v1, fabric-sound-api-v1, fabric-tag-api-v1, fabric-transfer-api-v1, fabric-transitive-access-wideners-v1, fabricloader, firstperson, fzzy_config, gog-sky, immersive_paintings, iris, jade, litematica, malilib, mcwifipnp, minihud, modmenu, my-totem-doll, needsofnature, notenoughanimations, nuit, placeholder-api, quickskin, roughlyenoughitems, sodium, translatorpp, trender, trinkets, tweakermore, tweakeroo, uml, wildfire_gender, xaerolib, xaerominimap, xaeroworldmap, yet_another_config_lib_v3, zume, needsofnature/client/9991_NoN_Noble1.1.zip, needsofnature/client/9992_NoN_Malka_Animations_0.1.zip, needsofnature/client/9993_needs_of_nature_default_packv1.4.1.zip, needsofnature/client/9994_6NoN_MartyRnull_Addon_Packv1.0.4.zip, needsofnature/client/9995_5ChristmasPuffin_MM_Slime_Addon_Pack_v1.1.zip, needsofnature/client/9996_4ChristmasPuffin_Golem_Addon_Pack_v3.8.zip, needsofnature/client/9997_3ChristmasPuffins_Monster_Menagerie_v1.6.zip, needsofnature/client/9998_2NoN_Barnyard_Addon_Pack_v4.6.zip, needsofnature/client/9999_1NoN_Perce_Pack-1.3.zip, needsofnature/client/generated_cem, needsofnature/client/generated_accessory_models
[18:46:56] [Render thread/INFO]: Placement Manager calculated thread limit: [02/02]
[18:46:56] [Render thread/INFO]: i18nLang#load: File: '/assets/litematica/lang/en_us.json' has been loaded successfully
[18:46:56] [Render thread/WARN]: i18nOptionManager#buildLanguageOptions(litematica): Detected [13] available options.
[18:46:56] [Worker-Main-16/INFO]: Found unifont_all_no_pua-17.0.01.hex, loading
[18:46:57] [Render thread/INFO]: Carpet: [1.4.194+v251223], CarpetTIS: [N/F]
[18:46:57] [Render thread/INFO]: i18nLang#load: File: '/assets/minihud/lang/en_us.json' has been loaded successfully
[18:46:57] [Render thread/WARN]: i18nOptionManager#buildLanguageOptions(minihud): Detected [8] available options.
[18:46:57] [Worker-Main-16/INFO]: Found unifont_jp_patch-17.0.01.hex, loading
[18:46:57] [Worker-Main-16/INFO]: Found unifont_pua-17.0.01.hex, loading
[18:46:57] [Render thread/INFO]: i18nLang#load: File: '/assets/minihud/lang/zh_cn.json' has been loaded successfully
[18:46:57] [Render thread/INFO]: i18nOptionManager#setLang(minihud): Language: 'zh_cn' - has been loaded successfully.
[18:46:57] [Render thread/INFO]: i18nLang#load: File: '/assets/malilib/lang/zh_cn.json' has been loaded successfully
[18:46:57] [Render thread/INFO]: i18nOptionManager#setLang(malilib): Language: 'zh_cn' - has been loaded successfully.
[18:46:57] [Render thread/INFO]: i18nLang#load: File: '/assets/tweakeroo/lang/zh_cn.json' has been loaded successfully
[18:46:57] [Render thread/INFO]: i18nOptionManager#setLang(tweakeroo): Language: 'zh_cn' - has been loaded successfully.
[18:46:58] [Render thread/INFO]: i18nLang#load: File: '/assets/litematica/lang/zh_cn.json' has been loaded successfully
[18:46:58] [Render thread/INFO]: i18nOptionManager#setLang(litematica): Language: 'zh_cn' - has been loaded successfully.
[18:46:58] [Render thread/INFO]: Start loading plugin from Jade: snownee.jade.addon.core.CorePlugin
[18:46:58] [Render thread/INFO]: Start loading plugin from Jade: snownee.jade.addon.vanilla.VanillaPlugin
[18:46:58] [Render thread/INFO]: Start loading plugin from Jade: snownee.jade.addon.universal.UniversalPlugin
[18:46:58] [Render thread/INFO]: Start loading plugin from Jade: snownee.jade.addon.access.AccessibilityPlugin
[18:46:58] [Render thread/INFO]: Start loading plugin from Jade: snownee.jade.addon.debug.DebugPlugin
[18:46:58] [Render thread/INFO]: Start loading plugin from NeedsOfNature: com.nonid.integration.jade.NonJadePlugin
[18:46:58] [Render thread/INFO]: Start loading plugin from Translator++: net.psunset.translatorpp.compat.jade.TPPCompatJade
[18:46:59] [Render thread/INFO]: Loading Xaero's World Map - Stage 2/2
[18:46:59] [Render thread/INFO]: New world map region cache hash code: 836850057
[18:47:00] [Render thread/ERROR]: io exception while checking versions: Read timed out
[18:47:00] [Render thread/INFO]: Registered player tracker system: map_synced
[18:47:00] [Render thread/INFO]: Xaero's WorldMap Mod: Xaero's minimap found!
[18:47:00] [Render thread/INFO]: Registered player tracker system: minimap_synced
[18:47:00] [Render thread/INFO]: No Optifine!
[18:47:00] [Render thread/INFO]: Xaero's World Map: No Vivecraft!
[18:47:00] [Render thread/INFO]: Xaero's World Map: Iris found!
[18:47:00] [Render thread/INFO]: PlayerAnimator not found!
[18:47:00] [Render thread/INFO]: Loaded Vanilla Hands items: []
[18:47:00] [Render thread/INFO]: Loaded Auto Disable items: []
[18:47:00] [Render thread/INFO]: Loading Xaero's Minimap - Stage 2/2
[18:47:01] [Render thread/WARN]: io exception while checking versions: Read timed out
[18:47:01] [Render thread/INFO]: Registered player tracker system: minimap_synced
[18:47:01] [Render thread/INFO]: Loading XaeroLib common 2/2!
[18:47:01] [Render thread/INFO]: Loading XaeroLib client 2/2!
[18:47:01] [Worker-Main-16/WARN]: Invalid path in datapack: needsofnature:geckolib/animations/afw/wolfmplayer-knot2/Nueva carpeta/wolfmplayer-knot2.p4_wolf.animation.json, ignoring
[18:47:05] [Render thread/WARN]: Skipped language file: projectexpansion:lang/zh_cn.json (com.google.gson.JsonSyntaxException: Expected a com.google.gson.JsonObject but was com.google.gson.JsonPrimitive; at path $)
[18:47:05] [Render thread/WARN]: Skipped language file: refurbished_furniture:lang/zh_cn.json (com.google.gson.JsonSyntaxException: Expected a com.google.gson.JsonObject but was com.google.gson.JsonPrimitive; at path $)
[18:47:05] [Render thread/WARN]: Skipped language file: eoas:lang/zh_cn.json (com.google.gson.JsonSyntaxException: Expected a com.google.gson.JsonObject but was com.google.gson.JsonPrimitive; at path $)
[18:47:07] [Render thread/INFO]: OpenAL initialized on device Oboe Default
[18:47:07] [Render thread/INFO]: Sound engine started
[18:47:07] [Render thread/INFO]: Created: 512x256x0 minecraft:textures/atlas/particles.png-atlas
[18:47:07] [Render thread/INFO]: Created: 128x128x0 minecraft:textures/atlas/decorated_pot.png-atlas
[18:47:07] [Render thread/INFO]: Created: 2048x1024x0 minecraft:textures/atlas/armor_trims.png-atlas
[18:47:07] [Render thread/INFO]: Created: 512x256x0 minecraft:textures/atlas/paintings.png-atlas
[18:47:07] [Render thread/INFO]: Created: 1024x512x0 minecraft:textures/atlas/shield_patterns.png-atlas
[18:47:07] [Render thread/INFO]: Created: 1024x512x0 minecraft:textures/atlas/blocks.png-atlas
[18:47:08] [Render thread/INFO]: Created: 512x512x0 minecraft:textures/atlas/chest.png-atlas
[18:47:08] [Render thread/INFO]: Created: 256x128x0 minecraft:textures/atlas/celestials.png-atlas
[18:47:08] [Render thread/INFO]: Created: 1024x512x0 minecraft:textures/atlas/banner_patterns.png-atlas
[18:47:08] [Render thread/INFO]: Created: 512x512x0 minecraft:textures/atlas/beds.png-atlas
[18:47:08] [Render thread/INFO]: Created: 2048x2048x0 minecraft:textures/atlas/items.png-atlas
[18:47:08] [Render thread/INFO]: Created: 1024x1024x0 minecraft:textures/atlas/gui.png-atlas
[18:47:08] [Render thread/INFO]: Created: 128x64x0 minecraft:textures/atlas/map_decorations.png-atlas
[18:47:08] [Render thread/INFO]: Created: 512x256x0 minecraft:textures/atlas/signs.png-atlas
[18:47:08] [Render thread/INFO]: Created: 512x512x0 minecraft:textures/atlas/shulker_boxes.png-atlas
[18:47:09] [Render thread/INFO]: [ETF]: emissive suffixes loaded: [_e]
[18:47:11] [Render thread/INFO]: Transformed net/minecraft/class_972 with [customskinloader:render-patch]
[18:47:11] [Render thread/INFO]: Transformed Fabric target net.minecraft.class_972 with [customskinloader:render-patch]
[18:47:11] [Render thread/ERROR]: Mixin apply for mod gog-sky failed gog-sky.client.mixins.json:SkyRendererMixin from mod gog-sky -> net.minecraft.class_9975: org.spongepowered.asm.mixin.transformer.throwables.InvalidMixinException Mixin gog-sky.client.mixins.json:SkyRendererMixin from mod gog-sky contains non-private static method gogSetStarColor(FFF)V [ -> MAIN Applicator Phase -> gog-sky.client.mixins.json:SkyRendererMixin from mod gog-sky -> Apply Methods -> (FFF)V:gogSetStarColor]
org.spongepowered.asm.mixin.transformer.throwables.InvalidMixinException: Mixin gog-sky.client.mixins.json:SkyRendererMixin from mod gog-sky contains non-private static method gogSetStarColor(FFF)V [ -> MAIN Applicator Phase -> gog-sky.client.mixins.json:SkyRendererMixin from mod gog-sky -> Apply Methods -> (FFF)V:gogSetStarColor]
	at org.spongepowered.asm.mixin.transformer.MixinApplicatorStandard.checkMethodVisibility(MixinApplicatorStandard.java:861)
	at org.spongepowered.asm.mixin.transformer.MixinApplicatorStandard.applyNormalMethod(MixinApplicatorStandard.java:524)
	at org.spongepowered.asm.mixin.transformer.MixinApplicatorStandard.applyMethods(MixinApplicatorStandard.java:507)
	at org.spongepowered.asm.mixin.transformer.MixinApplicatorStandard.lambda$runApplicatorPass$0(MixinApplicatorStandard.java:295)
	at org.spongepowered.asm.mixin.transformer.MixinApplicatorStandard.processMixins(MixinApplicatorStandard.java:381)
	at org.spongepowered.asm.mixin.transformer.MixinApplicatorStandard.runApplicatorPass(MixinApplicatorStandard.java:283)
	at org.spongepowered.asm.mixin.transformer.MixinApplicatorStandard.apply(MixinApplicatorStandard.java:240)
	at org.spongepowered.asm.mixin.transformer.TargetClassContext.apply(TargetClassContext.java:437)
	at org.spongepowered.asm.mixin.transformer.TargetClassContext.applyMixins(TargetClassContext.java:418)
	at org.spongepowered.asm.mixin.transformer.MixinProcessor.applyMixins(MixinProcessor.java:351)
	at org.spongepowered.asm.mixin.transformer.MixinTransformer.transformClass(MixinTransformer.java:237)
	at org.spongepowered.asm.mixin.transformer.MixinTransformer.transformClassBytes(MixinTransformer.java:202)
	at net.fabricmc.loader.impl.launch.knot.KnotClassDelegate.getPostMixinClassByteArray(KnotClassDelegate.java:435)
	at net.fabricmc.loader.impl.launch.knot.KnotClassDelegate.tryLoadClass(KnotClassDelegate.java:336)
	at net.fabricmc.loader.impl.launch.knot.KnotClassDelegate.loadClass(KnotClassDelegate.java:231)
	at net.fabricmc.loader.impl.launch.knot.KnotClassLoader.loadClass(KnotClassLoader.java:119)
	at java.base/java.lang.ClassLoader.loadClass(Unknown Source)
	at knot//net.minecraft.class_761.method_14491(class_761.java:232)
	at knot//net.minecraft.class_4013.method_29490(class_4013.java:17)
	at java.base/java.util.concurrent.CompletableFuture$UniRun.tryFire(Unknown Source)
	at java.base/java.util.concurrent.CompletableFuture$Completion.run(Unknown Source)
	at knot//net.minecraft.class_4014.method_67574(class_4014.java:59)
	at knot//net.minecraft.class_1255.method_18859(class_1255.java:169)
	at knot//net.minecraft.class_4093.method_18859(class_4093.java:23)
	at knot//net.minecraft.class_1255.method_16075(class_1255.java:143)
	at knot//net.minecraft.class_1255.method_5383(class_1255.java:124)
	at knot//net.minecraft.class_310.method_1523(class_310.java:1339)
	at knot//net.minecraft.class_310.method_1514(class_310.java:966)
	at knot//net.minecraft.client.main.Main.main(Main.java:250)
	at net.fabricmc.loader.impl.game.minecraft.MinecraftGameProvider.launch(MinecraftGameProvider.java:514)
	at net.fabricmc.loader.impl.launch.knot.Knot.launch(Knot.java:72)
	at net.fabricmc.loader.impl.launch.knot.KnotClient.main(KnotClient.java:23)
	at java.base/jdk.internal.reflect.DirectMethodHandleAccessor.invoke(Unknown Source)
	at java.base/java.lang.reflect.Method.invoke(Unknown Source)
	at mio.Wrapper.main(Wrapper.java:21)
[18:47:11] [Render thread/INFO]: Caught error loading resourcepacks, removing all selected resourcepacks
java.util.concurrent.CompletionException: java.lang.RuntimeException: Mixin transformation of net.minecraft.class_9975 failed
	at java.base/java.util.concurrent.CompletableFuture.encodeThrowable(Unknown Source)
	at java.base/java.util.concurrent.CompletableFuture.completeThrowable(Unknown Source)
	at java.base/java.util.concurrent.CompletableFuture$UniRun.tryFire(Unknown Source)
	at java.base/java.util.concurrent.CompletableFuture$Completion.run(Unknown Source)
	at knot//net.minecraft.class_4014.method_67574(class_4014.java:59)
	at knot//net.minecraft.class_1255.method_18859(class_1255.java:169)
	at knot//net.minecraft.class_4093.method_18859(class_4093.java:23)
	at knot//net.minecraft.class_1255.method_16075(class_1255.java:143)
	at knot//net.minecraft.class_1255.method_5383(class_1255.java:124)
	at knot//net.minecraft.class_310.method_1523(class_310.java:1339)
	at knot//net.minecraft.class_310.method_1514(class_310.java:966)
	at knot//net.minecraft.client.main.Main.main(Main.java:250)
	at net.fabricmc.loader.impl.game.minecraft.MinecraftGameProvider.launch(MinecraftGameProvider.java:514)
	at net.fabricmc.loader.impl.launch.knot.Knot.launch(Knot.java:72)
	at net.fabricmc.loader.impl.launch.knot.KnotClient.main(KnotClient.java:23)
	at java.base/jdk.internal.reflect.DirectMethodHandleAccessor.invoke(Unknown Source)
	at java.base/java.lang.reflect.Method.invoke(Unknown Source)
	at mio.Wrapper.main(Wrapper.java:21)
Caused by: java.lang.RuntimeException: Mixin transformation of net.minecraft.class_9975 failed
	at net.fabricmc.loader.impl.launch.knot.KnotClassDelegate.getPostMixinClassByteArray(KnotClassDelegate.java:440)
	at net.fabricmc.loader.impl.launch.knot.KnotClassDelegate.tryLoadClass(KnotClassDelegate.java:336)
	at net.fabricmc.loader.impl.launch.knot.KnotClassDelegate.loadClass(KnotClassDelegate.java:231)
	at net.fabricmc.loader.impl.launch.knot.KnotClassLoader.loadClass(KnotClassLoader.java:119)
	at java.base/java.lang.ClassLoader.loadClass(Unknown Source)
	at knot//net.minecraft.class_761.method_14491(class_761.java:232)
	at knot//net.minecraft.class_4013.method_29490(class_4013.java:17)
	... 16 more
Caused by: org.spongepowered.asm.mixin.transformer.throwables.MixinTransformerError: An unexpected critical error was encountered
	at org.spongepowered.asm.mixin.transformer.MixinProcessor.applyMixins(MixinProcessor.java:380)
	at org.spongepowered.asm.mixin.transformer.MixinTransformer.transformClass(MixinTransformer.java:237)
	at org.spongepowered.asm.mixin.transformer.MixinTransformer.transformClassBytes(MixinTransformer.java:202)
	at net.fabricmc.loader.impl.launch.knot.KnotClassDelegate.getPostMixinClassByteArray(KnotClassDelegate.java:435)
	... 22 more
Caused by: org.spongepowered.asm.mixin.throwables.MixinApplyError: Mixin [gog-sky.client.mixins.json:SkyRendererMixin from mod gog-sky] from phase [DEFAULT] in config [gog-sky.client.mixins.json] FAILED during APPLY
	at org.spongepowered.asm.mixin.transformer.MixinProcessor.handleMixinError(MixinProcessor.java:685)
	at org.spongepowered.asm.mixin.transformer.MixinProcessor.handleMixinApplyError(MixinProcessor.java:636)
	at org.spongepowered.asm.mixin.transformer.MixinProcessor.applyMixins(MixinProcessor.java:367)
	... 25 more
Caused by: org.spongepowered.asm.mixin.transformer.throwables.InvalidMixinException: Mixin gog-sky.client.mixins.json:SkyRendererMixin from mod gog-sky contains non-private static method gogSetStarColor(FFF)V [ -> MAIN Applicator Phase -> gog-sky.client.mixins.json:SkyRendererMixin from mod gog-sky -> Apply Methods -> (FFF)V:gogSetStarColor]
	at org.spongepowered.asm.mixin.transformer.MixinApplicatorStandard.checkMethodVisibility(MixinApplicatorStandard.java:861)
	at org.spongepowered.asm.mixin.transformer.MixinApplicatorStandard.applyNormalMethod(MixinApplicatorStandard.java:524)
	at org.spongepowered.asm.mixin.transformer.MixinApplicatorStandard.applyMethods(MixinApplicatorStandard.java:507)
	at org.spongepowered.asm.mixin.transformer.MixinApplicatorStandard.lambda$runApplicatorPass$0(MixinApplicatorStandard.java:295)
	at org.spongepowered.asm.mixin.transformer.MixinApplicatorStandard.processMixins(MixinApplicatorStandard.java:381)
	at org.spongepowered.asm.mixin.transformer.MixinApplicatorStandard.runApplicatorPass(MixinApplicatorStandard.java:283)
	at org.spongepowered.asm.mixin.transformer.MixinApplicatorStandard.apply(MixinApplicatorStandard.java:240)
	at org.spongepowered.asm.mixin.transformer.TargetClassContext.apply(TargetClassContext.java:437)
	at org.spongepowered.asm.mixin.transformer.TargetClassContext.applyMixins(TargetClassContext.java:418)
	at org.spongepowered.asm.mixin.transformer.MixinProcessor.applyMixins(MixinProcessor.java:351)
	... 25 more
[18:47:11] [Render thread/INFO]: [EMF]: Clearing data for reload.
[18:47:11] [Render thread/INFO]: Reloading ResourceManager: vanilla, appleskin, c2me, cardinal-components-base, cardinal-components-entity, carpet, chat_heads, cloth-config, computerpc, conditional-mixin, continuity, entity_model_features, entity_texture_features, entityculling, fabric-api, fabric-api-base, fabric-api-lookup-api-v1, fabric-biome-api-v1, fabric-block-api-v1, fabric-block-view-api-v2, fabric-command-api-v2, fabric-content-registries-v0, fabric-convention-tags-v1, fabric-convention-tags-v2, fabric-crash-report-info-v1, fabric-data-attachment-api-v1, fabric-data-generation-api-v1, fabric-dimensions-v1, fabric-entity-events-v1, fabric-events-interaction-v0, fabric-game-rule-api-v1, fabric-item-api-v1, fabric-item-group-api-v1, fabric-key-binding-api-v1, fabric-language-kotlin, fabric-lifecycle-events-v1, fabric-loot-api-v2, fabric-loot-api-v3, fabric-message-api-v1, fabric-model-loading-api-v1, fabric-networking-api-v1, fabric-object-builder-api-v1, fabric-particles-v1, fabric-recipe-api-v1, fabric-registry-sync-v0, fabric-renderer-api-v1, fabric-renderer-indigo, fabric-rendering-fluids-v1, fabric-rendering-v1, fabric-resource-conditions-api-v1, fabric-resource-loader-v0, fabric-resource-loader-v1, fabric-screen-api-v1, fabric-screen-handler-api-v1, fabric-serialization-api-v1, fabric-sound-api-v1, fabric-tag-api-v1, fabric-transfer-api-v1, fabric-transitive-access-wideners-v1, fabricloader, firstperson, fzzy_config, gog-sky, immersive_paintings, iris, jade, litematica, malilib, mcwifipnp, minihud, modmenu, my-totem-doll, needsofnature, notenoughanimations, nuit, placeholder-api, quickskin, roughlyenoughitems, sodium, translatorpp, trender, trinkets, tweakermore, tweakeroo, uml, wildfire_gender, xaerolib, xaerominimap, xaeroworldmap, yet_another_config_lib_v3, zume, needsofnature/client/9991_NoN_Noble1.1.zip, needsofnature/client/9992_NoN_Malka_Animations_0.1.zip, needsofnature/client/9993_needs_of_nature_default_packv1.4.1.zip, needsofnature/client/9994_6NoN_MartyRnull_Addon_Packv1.0.4.zip, needsofnature/client/9995_5ChristmasPuffin_MM_Slime_Addon_Pack_v1.1.zip, needsofnature/client/9996_4ChristmasPuffin_Golem_Addon_Pack_v3.8.zip, needsofnature/client/9997_3ChristmasPuffins_Monster_Menagerie_v1.6.zip, needsofnature/client/9998_2NoN_Barnyard_Addon_Pack_v4.6.zip, needsofnature/client/9999_1NoN_Perce_Pack-1.3.zip, needsofnature/client/generated_cem, needsofnature/client/generated_accessory_models
[18:47:12] [Worker-Main-15/INFO]: Found unifont_all_no_pua-17.0.01.hex, loading
[18:47:12] [Worker-Main-15/INFO]: Found unifont_jp_patch-17.0.01.hex, loading
[18:47:12] [Worker-Main-15/INFO]: Found unifont_pua-17.0.01.hex, loading
[18:47:14] [Worker-Main-16/WARN]: Invalid path in datapack: needsofnature:geckolib/animations/afw/wolfmplayer-knot2/Nueva carpeta/wolfmplayer-knot2.p4_wolf.animation.json, ignoring
[18:47:15] [Render thread/WARN]: Skipped language file: projectexpansion:lang/zh_cn.json (com.google.gson.JsonSyntaxException: Expected a com.google.gson.JsonObject but was com.google.gson.JsonPrimitive; at path $)
[18:47:15] [Render thread/WARN]: Skipped language file: refurbished_furniture:lang/zh_cn.json (com.google.gson.JsonSyntaxException: Expected a com.google.gson.JsonObject but was com.google.gson.JsonPrimitive; at path $)
[18:47:15] [Render thread/WARN]: Skipped language file: eoas:lang/zh_cn.json (com.google.gson.JsonSyntaxException: Expected a com.google.gson.JsonObject but was com.google.gson.JsonPrimitive; at path $)
[18:47:16] [Render thread/INFO]: OpenAL initialized on device Oboe Default
[18:47:16] [Render thread/INFO]: Sound engine started
[18:47:16] [Render thread/INFO]: Created: 512x256x0 minecraft:textures/atlas/particles.png-atlas
[18:47:16] [Render thread/INFO]: Created: 128x128x0 minecraft:textures/atlas/decorated_pot.png-atlas
[18:47:16] [Render thread/INFO]: Created: 2048x1024x0 minecraft:textures/atlas/armor_trims.png-atlas
[18:47:16] [Render thread/INFO]: Created: 512x256x0 minecraft:textures/atlas/paintings.png-atlas
[18:47:16] [Render thread/INFO]: Created: 1024x512x0 minecraft:textures/atlas/shield_patterns.png-atlas
[18:47:16] [Render thread/INFO]: Created: 1024x512x0 minecraft:textures/atlas/blocks.png-atlas
[18:47:17] [Render thread/INFO]: Created: 512x512x0 minecraft:textures/atlas/chest.png-atlas
[18:47:17] [Render thread/INFO]: Created: 256x128x0 minecraft:textures/atlas/celestials.png-atlas
[18:47:17] [Render thread/INFO]: Created: 1024x512x0 minecraft:textures/atlas/banner_patterns.png-atlas
[18:47:17] [Render thread/INFO]: Created: 512x512x0 minecraft:textures/atlas/beds.png-atlas
[18:47:17] [Render thread/INFO]: Created: 2048x2048x0 minecraft:textures/atlas/items.png-atlas
[18:47:17] [Render thread/INFO]: Created: 1024x1024x0 minecraft:textures/atlas/gui.png-atlas
[18:47:17] [Render thread/INFO]: Created: 128x64x0 minecraft:textures/atlas/map_decorations.png-atlas
[18:47:17] [Render thread/INFO]: Created: 512x256x0 minecraft:textures/atlas/signs.png-atlas
[18:47:17] [Render thread/INFO]: Created: 512x512x0 minecraft:textures/atlas/shulker_boxes.png-atlas
[18:47:18] [Render thread/ERROR]: Mixin apply for mod gog-sky failed gog-sky.client.mixins.json:SkyRendererMixin from mod gog-sky -> net.minecraft.class_9975: org.spongepowered.asm.mixin.transformer.throwables.InvalidMixinException Mixin gog-sky.client.mixins.json:SkyRendererMixin from mod gog-sky contains non-private static method gogSetStarColor(FFF)V [ -> MAIN Applicator Phase -> gog-sky.client.mixins.json:SkyRendererMixin from mod gog-sky -> Apply Methods -> (FFF)V:gogSetStarColor]
org.spongepowered.asm.mixin.transformer.throwables.InvalidMixinException: Mixin gog-sky.client.mixins.json:SkyRendererMixin from mod gog-sky contains non-private static method gogSetStarColor(FFF)V [ -> MAIN Applicator Phase -> gog-sky.client.mixins.json:SkyRendererMixin from mod gog-sky -> Apply Methods -> (FFF)V:gogSetStarColor]
	at org.spongepowered.asm.mixin.transformer.MixinApplicatorStandard.checkMethodVisibility(MixinApplicatorStandard.java:861)
	at org.spongepowered.asm.mixin.transformer.MixinApplicatorStandard.applyNormalMethod(MixinApplicatorStandard.java:524)
	at org.spongepowered.asm.mixin.transformer.MixinApplicatorStandard.applyMethods(MixinApplicatorStandard.java:507)
	at org.spongepowered.asm.mixin.transformer.MixinApplicatorStandard.lambda$runApplicatorPass$0(MixinApplicatorStandard.java:295)
	at org.spongepowered.asm.mixin.transformer.MixinApplicatorStandard.processMixins(MixinApplicatorStandard.java:381)
	at org.spongepowered.asm.mixin.transformer.MixinApplicatorStandard.runApplicatorPass(MixinApplicatorStandard.java:283)
	at org.spongepowered.asm.mixin.transformer.MixinApplicatorStandard.apply(MixinApplicatorStandard.java:240)
	at org.spongepowered.asm.mixin.transformer.TargetClassContext.apply(TargetClassContext.java:437)
	at org.spongepowered.asm.mixin.transformer.TargetClassContext.applyMixins(TargetClassContext.java:418)
	at org.spongepowered.asm.mixin.transformer.MixinProcessor.applyMixins(MixinProcessor.java:351)
	at org.spongepowered.asm.mixin.transformer.MixinTransformer.transformClass(MixinTransformer.java:237)
	at org.spongepowered.asm.mixin.transformer.MixinTransformer.transformClassBytes(MixinTransformer.java:202)
	at net.fabricmc.loader.impl.launch.knot.KnotClassDelegate.getPostMixinClassByteArray(KnotClassDelegate.java:435)
	at net.fabricmc.loader.impl.launch.knot.KnotClassDelegate.tryLoadClass(KnotClassDelegate.java:336)
	at net.fabricmc.loader.impl.launch.knot.KnotClassDelegate.loadClass(KnotClassDelegate.java:231)
	at net.fabricmc.loader.impl.launch.knot.KnotClassLoader.loadClass(KnotClassLoader.java:119)
	at java.base/java.lang.ClassLoader.loadClass(Unknown Source)
	at knot//net.minecraft.class_761.method_14491(class_761.java:232)
	at knot//net.minecraft.class_4013.method_29490(class_4013.java:17)
	at java.base/java.util.concurrent.CompletableFuture$UniRun.tryFire(Unknown Source)
	at java.base/java.util.concurrent.CompletableFuture$Completion.run(Unknown Source)
	at knot//net.minecraft.class_4014.method_67574(class_4014.java:59)
	at knot//net.minecraft.class_1255.method_18859(class_1255.java:169)
	at knot//net.minecraft.class_4093.method_18859(class_4093.java:23)
	at knot//net.minecraft.class_1255.method_16075(class_1255.java:143)
	at knot//net.minecraft.class_1255.method_5383(class_1255.java:124)
	at knot//net.minecraft.class_310.method_1523(class_310.java:1339)
	at knot//net.minecraft.class_310.method_1514(class_310.java:966)
	at knot//net.minecraft.client.main.Main.main(Main.java:250)
	at net.fabricmc.loader.impl.game.minecraft.MinecraftGameProvider.launch(MinecraftGameProvider.java:514)
	at net.fabricmc.loader.impl.launch.knot.Knot.launch(Knot.java:72)
	at net.fabricmc.loader.impl.launch.knot.KnotClient.main(KnotClient.java:23)
	at java.base/jdk.internal.reflect.DirectMethodHandleAccessor.invoke(Unknown Source)
	at java.base/java.lang.reflect.Method.invoke(Unknown Source)
	at mio.Wrapper.main(Wrapper.java:21)
[18:47:18] [Render thread/ERROR]: MCEF failed to initialize!
[18:47:18] [Render thread/INFO]: Creating pipeline for dimension minecraft:overworld
